## Sprint-0 Workspace Links

- [system-model.md](/Users/jonas/repos/senior-zero-linux/docs/architecture/system-model.md)
- [update-and-rollback.md](/Users/jonas/repos/senior-zero-linux/docs/architecture/update-and-rollback.md)
- [app-center-policy.md](/Users/jonas/repos/senior-zero-linux/docs/architecture/app-center-policy.md)
- [sprint-0.md](/Users/jonas/repos/senior-zero-linux/docs/plan/sprint-0.md)
- [risk-register.md](/Users/jonas/repos/senior-zero-linux/docs/plan/risk-register.md)
